// Jest Snapshot v1, https://goo.gl/fbAQLP

exports[`Testando funções utils Formata datas de lançamentos de filmes 1`] = `
[
  "05 de Agosto de 2022",
  "01 de Novembro de 2022",
  "01 de Outubro de 2022",
  "01 de Dezembro de 2022",
]
`;

exports[`Testando funções utils Formata mês 1`] = `
[
  "Agosto",
  "Junho",
]
`;

exports[`Testando funções utils Formata mês para número 1`] = `
[
  1,
  2,
  3,
  4,
  5,
  6,
  7,
  8,
  9,
  10,
  11,
  12,
]
`;
