// Jest Snapshot v1, https://goo.gl/fbAQLP

exports[`Filtro de lançamentos novos 1`] = `
[
  {
    "data": "03 de Agosto de 2024",
    "id": "64ca4a6bbdab9e384f7894c2",
    "movie": "Megatubarão 2",
    "poster": "https://cinepop.com.br/wp-content/uploads/2023/05/megatubarao2_1.jpg",
  },
]
`;
